============================= test session starts =============================
platform win32 -- Python 3.12.4, pytest-8.4.2, pluggy-1.5.0
rootdir: C:\Users\shahb\myApplications\Squeeze and Sugar
plugins: anyio-4.2.0, langsmith-0.7.1, asyncio-1.0.0, cov-7.0.0
asyncio: mode=Mode.STRICT, asyncio_default_fixture_loop_scope=None, asyncio_default_test_loop_scope=function
collected 16 items

tests\test_alpaca_client.py .F                                           [ 12%]
tests\test_bollinger.py ..                                               [ 25%]
tests\test_data_store.py ...                                             [ 43%]
tests\test_indicator_engine.py .                                         [ 50%]
tests\test_keltner.py ..                                                 [ 62%]
tests\test_momentum.py ..                                                [ 75%]
tests\test_pipeline.py .                                                 [ 81%]
tests\test_squeeze.py ..                                                 [ 93%]
tests\test_volume_ratio.py .                                             [100%]

================================== FAILURES ===================================
_____________________ TestGetBarsAaplLive.test_live_fetch _____________________

self = <alpaca.data.historical.stock.StockHistoricalDataClient object at 0x00000255EC96D7C0>
method = 'GET', url = 'https://data.alpaca.markets/v2/stocks/bars'
opts = {'allow_redirects': False, 'headers': {'APCA-API-KEY-ID': 'PASTE_YOUR_API_KEY_HERE', 'APCA-API-SECRET-KEY': 'PASTE_YOU...26-02-21T16:51:06.223815+00:00', 'limit': 10000, 'page_token': None, 'start': '2026-02-14T16:51:06.223815+00:00', ...}}
retry = 3

    def _one_request(self, method: str, url: str, opts: dict, retry: int) -> dict:
        """Perform one request, possibly raising RetryException in the case
        the response is 429. Otherwise, if error text contain "code" string,
        then it decodes to json object and returns APIError.
        Returns the body json in the 200 status.
    
        Args:
            method (str): The HTTP method - GET, POST, etc
            url (str): The API endpoint URL
            opts (dict): Contains optional parameters including headers and parameters
            retry (int): The number of times to retry in case of RetryException
    
        Raises:
            RetryException: Raised if request produces 429 error and retry limit has not been reached
            APIError: Raised if API returns an error
    
        Returns:
            dict: The response data
        """
        response = self._session.request(method, url, **opts)
    
        try:
>           response.raise_for_status()

..\..\anaconda3\Lib\site-packages\alpaca\common\rest.py:198: 
_ _ _ _ _ _ _ _ _ _ _ _ _ _ _ _ _ _ _ _ _ _ _ _ _ _ _ _ _ _ _ _ _ _ _ _ _ _ _ _

self = <Response [401]>

    def raise_for_status(self):
        """Raises :class:`HTTPError`, if one occurred."""
    
        http_error_msg = ""
        if isinstance(self.reason, bytes):
            # We attempt to decode utf-8 first because some servers
            # choose to localize their reason strings. If the string
            # isn't utf-8, we fall back to iso-8859-1 for all other
            # encodings. (See PR #3538)
            try:
                reason = self.reason.decode("utf-8")
            except UnicodeDecodeError:
                reason = self.reason.decode("iso-8859-1")
        else:
            reason = self.reason
    
        if 400 <= self.status_code < 500:
            http_error_msg = (
                f"{self.status_code} Client Error: {reason} for url: {self.url}"
            )
    
        elif 500 <= self.status_code < 600:
            http_error_msg = (
                f"{self.status_code} Server Error: {reason} for url: {self.url}"
            )
    
        if http_error_msg:
>           raise HTTPError(http_error_msg, response=self)
E           requests.exceptions.HTTPError: 401 Client Error: Unauthorized for url: https://data.alpaca.markets/v2/stocks/bars?start=2026-02-14T16%3A51%3A06.223815%2B00%3A00&end=2026-02-21T16%3A51%3A06.223815%2B00%3A00&timeframe=1Day&symbols=AAPL&limit=10000

..\..\anaconda3\Lib\site-packages\requests\models.py:1024: HTTPError

During handling of the above exception, another exception occurred:

self = <tests.test_alpaca_client.TestGetBarsAaplLive object at 0x0000025581729AF0>

    def test_live_fetch(self):
        client = AlpacaClient()
        end = datetime.now(timezone.utc)
        start = end - pd.Timedelta(days=7)
    
>       df = client.get_bars("AAPL", "1Day", start, end)
             ^^^^^^^^^^^^^^^^^^^^^^^^^^^^^^^^^^^^^^^^^^^

tests\test_alpaca_client.py:73: 
_ _ _ _ _ _ _ _ _ _ _ _ _ _ _ _ _ _ _ _ _ _ _ _ _ _ _ _ _ _ _ _ _ _ _ _ _ _ _ _
squeeze_surge\data\alpaca_client.py:57: in get_bars
    bars_response = self._client.get_stock_bars(request)
                    ^^^^^^^^^^^^^^^^^^^^^^^^^^^^^^^^^^^^
..\..\anaconda3\Lib\site-packages\alpaca\data\historical\stock.py:87: in get_stock_bars
    raw_bars = self._get_marketdata(
..\..\anaconda3\Lib\site-packages\alpaca\common\rest.py:393: in _get_marketdata
    response = self.get(path=path, data=params)
               ^^^^^^^^^^^^^^^^^^^^^^^^^^^^^^^^
..\..\anaconda3\Lib\site-packages\alpaca\common\rest.py:225: in get
    return self._request("GET", path, data, **kwargs)
           ^^^^^^^^^^^^^^^^^^^^^^^^^^^^^^^^^^^^^^^^^^
..\..\anaconda3\Lib\site-packages\alpaca\common\rest.py:131: in _request
    return self._one_request(method, url, opts, retry)
           ^^^^^^^^^^^^^^^^^^^^^^^^^^^^^^^^^^^^^^^^^^^
_ _ _ _ _ _ _ _ _ _ _ _ _ _ _ _ _ _ _ _ _ _ _ _ _ _ _ _ _ _ _ _ _ _ _ _ _ _ _ _

self = <alpaca.data.historical.stock.StockHistoricalDataClient object at 0x00000255EC96D7C0>
method = 'GET', url = 'https://data.alpaca.markets/v2/stocks/bars'
opts = {'allow_redirects': False, 'headers': {'APCA-API-KEY-ID': 'PASTE_YOUR_API_KEY_HERE', 'APCA-API-SECRET-KEY': 'PASTE_YOU...26-02-21T16:51:06.223815+00:00', 'limit': 10000, 'page_token': None, 'start': '2026-02-14T16:51:06.223815+00:00', ...}}
retry = 3

    def _one_request(self, method: str, url: str, opts: dict, retry: int) -> dict:
        """Perform one request, possibly raising RetryException in the case
        the response is 429. Otherwise, if error text contain "code" string,
        then it decodes to json object and returns APIError.
        Returns the body json in the 200 status.
    
        Args:
            method (str): The HTTP method - GET, POST, etc
            url (str): The API endpoint URL
            opts (dict): Contains optional parameters including headers and parameters
            retry (int): The number of times to retry in case of RetryException
    
        Raises:
            RetryException: Raised if request produces 429 error and retry limit has not been reached
            APIError: Raised if API returns an error
    
        Returns:
            dict: The response data
        """
        response = self._session.request(method, url, **opts)
    
        try:
            response.raise_for_status()
        except HTTPError as http_error:
            # retry if we hit Rate Limit
            if response.status_code in self._retry_codes and retry > 0:
                raise RetryException()
    
            # raise API error for all other errors
            error = response.text
    
>           raise APIError(error, http_error)
E           alpaca.common.exceptions.APIError: <html>

E           <head><title>401 Authorization Required</title></head>

E           <body>

E           <center><h1>401 Authorization Required</h1></center>

E           <hr><center>nginx</center>

E           </body>

E           </html>

..\..\anaconda3\Lib\site-packages\alpaca\common\rest.py:207: APIError
============================== warnings summary ===============================
..\..\anaconda3\Lib\site-packages\websockets\legacy\__init__.py:6
  C:\Users\shahb\anaconda3\Lib\site-packages\websockets\legacy\__init__.py:6: DeprecationWarning: websockets.legacy is deprecated; see https://websockets.readthedocs.io/en/stable/howto/upgrade.html for upgrade instructions
    warnings.warn(  # deprecated in 14.0 - 2024-11-09

-- Docs: https://docs.pytest.org/en/stable/how-to/capture-warnings.html
=========================== short test summary info ===========================
FAILED tests/test_alpaca_client.py::TestGetBarsAaplLive::test_live_fetch - alpaca.common.exceptions.APIError: <html>

=================== 1 failed, 15 passed, 1 warning in 5.64s ===================
